../Drivers/RV-3032-C7/rtc_rv3032.c:47:6:RV3032_Init	16	static
../Drivers/RV-3032-C7/rtc_rv3032.c:63:6:RV3032_IsConnected	8	static
../Drivers/RV-3032-C7/rtc_rv3032.c:71:6:RV3032_Set12Hour	8	static
../Drivers/RV-3032-C7/rtc_rv3032.c:76:6:RV3032_Set24Hour	8	static
../Drivers/RV-3032-C7/rtc_rv3032.c:81:6:RV3032_Is12Hour	8	static
../Drivers/RV-3032-C7/rtc_rv3032.c:86:6:RV3032_IsPM	8	static
../Drivers/RV-3032-C7/rtc_rv3032.c:97:7:RV3032_StringDateUSA	24	static
../Drivers/RV-3032-C7/rtc_rv3032.c:107:7:RV3032_StringDate	24	static
../Drivers/RV-3032-C7/rtc_rv3032.c:117:7:RV3032_StringTime	32	static
../Drivers/RV-3032-C7/rtc_rv3032.c:157:7:RV3032_StringTimestamp	48	static
../Drivers/RV-3032-C7/rtc_rv3032.c:203:7:RV3032_StringTime8601	48	static
../Drivers/RV-3032-C7/rtc_rv3032.c:220:6:RV3032_SetTime	24	static
../Drivers/RV-3032-C7/rtc_rv3032.c:234:6:RV3032_SetTimeFromStruct	48	static
../Drivers/RV-3032-C7/rtc_rv3032.c:240:13:RV3032_SetTimeArray	16	static
../Drivers/RV-3032-C7/rtc_rv3032.c:250:6:RV3032_SetEpoch	32	static
../Drivers/RV-3032-C7/rtc_rv3032.c:272:6:RV3032_SetHundredthsToZero	24	static
../Drivers/RV-3032-C7/rtc_rv3032.c:280:6:RV3032_SetSeconds	16	static
../Drivers/RV-3032-C7/rtc_rv3032.c:286:6:RV3032_SetMinutes	16	static
../Drivers/RV-3032-C7/rtc_rv3032.c:292:6:RV3032_SetHours	16	static
../Drivers/RV-3032-C7/rtc_rv3032.c:298:6:RV3032_SetDate	16	static
../Drivers/RV-3032-C7/rtc_rv3032.c:304:6:RV3032_SetWeekday	16	static
../Drivers/RV-3032-C7/rtc_rv3032.c:314:6:RV3032_SetMonth	16	static
../Drivers/RV-3032-C7/rtc_rv3032.c:320:6:RV3032_SetYear	16	static
../Drivers/RV-3032-C7/rtc_rv3032.c:328:6:RV3032_UpdateTime	16	static
../Drivers/RV-3032-C7/rtc_rv3032.c:354:9:RV3032_GetHundredths	8	static
../Drivers/RV-3032-C7/rtc_rv3032.c:359:9:RV3032_GetSeconds	8	static
../Drivers/RV-3032-C7/rtc_rv3032.c:364:9:RV3032_GetMinutes	8	static
../Drivers/RV-3032-C7/rtc_rv3032.c:369:9:RV3032_GetHours	24	static
../Drivers/RV-3032-C7/rtc_rv3032.c:388:9:RV3032_GetDate	8	static
../Drivers/RV-3032-C7/rtc_rv3032.c:393:9:RV3032_GetWeekday	16	static
../Drivers/RV-3032-C7/rtc_rv3032.c:408:9:RV3032_GetMonth	8	static
../Drivers/RV-3032-C7/rtc_rv3032.c:413:10:RV3032_GetYear	8	static
../Drivers/RV-3032-C7/rtc_rv3032.c:418:10:RV3032_GetEpoch	48	static
../Drivers/RV-3032-C7/rtc_rv3032.c:435:6:RV3032_GetTimeStruct	16	static
../Drivers/RV-3032-C7/rtc_rv3032.c:449:9:RV3032_GetHundredthsCapture	8	static
../Drivers/RV-3032-C7/rtc_rv3032.c:454:9:RV3032_GetSecondsCapture	8	static
../Drivers/RV-3032-C7/rtc_rv3032.c:459:9:RV3032_GetMinutesCapture	8	static
../Drivers/RV-3032-C7/rtc_rv3032.c:466:6:RV3032_SetCalibrationOffset	32	static
../Drivers/RV-3032-C7/rtc_rv3032.c:478:7:RV3032_GetCalibrationOffset	16	static
../Drivers/RV-3032-C7/rtc_rv3032.c:493:6:RV3032_SetEVICalibration	16	static
../Drivers/RV-3032-C7/rtc_rv3032.c:498:6:RV3032_SetEVIDebounceTime	16	static
../Drivers/RV-3032-C7/rtc_rv3032.c:503:6:RV3032_SetEVIEdgeDetection	16	static
../Drivers/RV-3032-C7/rtc_rv3032.c:508:6:RV3032_SetEVIEventCapture	16	static
../Drivers/RV-3032-C7/rtc_rv3032.c:514:6:RV3032_SetTSOverwrite	16	static
../Drivers/RV-3032-C7/rtc_rv3032.c:519:6:RV3032_GetEVICalibration	8	static
../Drivers/RV-3032-C7/rtc_rv3032.c:524:9:RV3032_GetEVIDebounceTime	8	static
../Drivers/RV-3032-C7/rtc_rv3032.c:529:6:RV3032_GetEVIEdgeDetection	8	static
../Drivers/RV-3032-C7/rtc_rv3032.c:536:6:RV3032_SetCountdownTimerEnable	16	static
../Drivers/RV-3032-C7/rtc_rv3032.c:541:6:RV3032_SetCountdownTimerFrequency	16	static
../Drivers/RV-3032-C7/rtc_rv3032.c:546:6:RV3032_SetCountdownTimerClockTicks	32	static
../Drivers/RV-3032-C7/rtc_rv3032.c:560:6:RV3032_GetCountdownTimerEnable	8	static
../Drivers/RV-3032-C7/rtc_rv3032.c:565:9:RV3032_GetCountdownTimerFrequency	8	static
../Drivers/RV-3032-C7/rtc_rv3032.c:570:10:RV3032_GetCountdownTimerClockTicks	16	static
../Drivers/RV-3032-C7/rtc_rv3032.c:579:6:RV3032_SetClockOutFrequency	16	static
../Drivers/RV-3032-C7/rtc_rv3032.c:586:9:RV3032_GetClockOutFrequency	8	static
../Drivers/RV-3032-C7/rtc_rv3032.c:593:6:RV3032_SetPeriodicTimeUpdateFrequency	16	static
../Drivers/RV-3032-C7/rtc_rv3032.c:598:6:RV3032_GetPeriodicTimeUpdateFrequency	8	static
../Drivers/RV-3032-C7/rtc_rv3032.c:605:6:RV3032_SetAlarmItemsToMatch	24	static
../Drivers/RV-3032-C7/rtc_rv3032.c:613:6:RV3032_SetAlarmMinutes	32	static
../Drivers/RV-3032-C7/rtc_rv3032.c:621:6:RV3032_SetAlarmHours	32	static
../Drivers/RV-3032-C7/rtc_rv3032.c:629:6:RV3032_SetAlarmDate	32	static
../Drivers/RV-3032-C7/rtc_rv3032.c:637:9:RV3032_GetAlarmMinutes	8	static
../Drivers/RV-3032-C7/rtc_rv3032.c:642:9:RV3032_GetAlarmHours	8	static
../Drivers/RV-3032-C7/rtc_rv3032.c:647:9:RV3032_GetAlarmDate	8	static
../Drivers/RV-3032-C7/rtc_rv3032.c:654:6:RV3032_EnableInterrupt	32	static
../Drivers/RV-3032-C7/rtc_rv3032.c:661:6:RV3032_DisableInterrupt	32	static
../Drivers/RV-3032-C7/rtc_rv3032.c:668:6:RV3032_DisableAllInterrupts	24	static
../Drivers/RV-3032-C7/rtc_rv3032.c:677:6:RV3032_GetInterruptFlag	32	static
../Drivers/RV-3032-C7/rtc_rv3032.c:683:6:RV3032_ClearInterruptFlag	32	static
../Drivers/RV-3032-C7/rtc_rv3032.c:690:6:RV3032_ClearAllInterruptFlags	8	static
../Drivers/RV-3032-C7/rtc_rv3032.c:697:7:RV3032_GetTemperature	24	static
../Drivers/RV-3032-C7/rtc_rv3032.c:712:9:RV3032_ReadRegister	40	static
../Drivers/RV-3032-C7/rtc_rv3032.c:728:6:RV3032_WriteRegister	32	static
../Drivers/RV-3032-C7/rtc_rv3032.c:736:6:RV3032_ReadMultipleRegisters	32	static
../Drivers/RV-3032-C7/rtc_rv3032.c:744:6:RV3032_WriteMultipleRegisters	32	static
../Drivers/RV-3032-C7/rtc_rv3032.c:754:9:RV3032_BCDtoDEC	16	static
../Drivers/RV-3032-C7/rtc_rv3032.c:759:9:RV3032_DECtoBCD	24	static
../Drivers/RV-3032-C7/rtc_rv3032.c:766:13:RV3032_ReadBit	16	static
../Drivers/RV-3032-C7/rtc_rv3032.c:771:16:RV3032_ReadTwoBits	16	static
../Drivers/RV-3032-C7/rtc_rv3032.c:776:13:RV3032_WriteBit	32	static
../Drivers/RV-3032-C7/rtc_rv3032.c:784:13:RV3032_WriteTwoBits	32	static
